[INFO] Scanning for projects...
[INFO] 
[INFO] --------------------< com.shophub:shophub-backend >---------------------
[INFO] Building ShopHub Backend 1.0.0
[INFO]   from pom.xml
[INFO] --------------------------------[ jar ]---------------------------------
[INFO] 
[INFO] --- resources:3.3.1:resources (default-resources) @ shophub-backend ---
[INFO] Copying 1 resource from src\main\resources to target\classes
[INFO] Copying 0 resource from src\main\resources to target\classes
[INFO] 
[INFO] --- compiler:3.13.0:compile (default-compile) @ shophub-backend ---
[INFO] Recompiling the module because of changed source code.
[INFO] Compiling 54 source files with javac [debug parameters release 21] to target\classes
[INFO] 
[INFO] --- resources:3.3.1:testResources (default-testResources) @ shophub-backend ---
[INFO] skip non existing resourceDirectory E:\Desktop\github\ShopSphere\src\test\resources
[INFO] 
[INFO] --- compiler:3.13.0:testCompile (default-testCompile) @ shophub-backend ---
[INFO] No sources to compile
[INFO] ------------------------------------------------------------------------
[INFO] BUILD SUCCESS
[INFO] ------------------------------------------------------------------------
[INFO] Total time:  9.850 s
[INFO] Finished at: 2026-08-07T12:02:30+05:30
[INFO] ------------------------------------------------------------------------
